[2J[01;01H[=3h[2J[01;01H[2J[01;01H[=3h[2J[01;01H[2J[01;01H[=3h[2J[01;01H[    0.000000] Linux version 6.14.0 (airgeddon1337@nixos) (clang version 18.1.8, GNU ld (GNU Binutils) 2.43.1) #1 SMP PREEMPT_DYNAMIC Fri Sep 25 16:32:58 +07 2026
[    0.000000] Command line: root=/dev/sda4 console=ttyS0 nokaslr ignore_loglevel panic=-1 systemd.unit=poweroff.target TERM=dumb
[    0.000000] BIOS-provided physical RAM map:
[    0.000000] BIOS-e820: [mem 0x0000000000000000-0x000000000009ffff] usable
[    0.000000] BIOS-e820: [mem 0x0000000000100000-0x00000000007fffff] usable
[    0.000000] BIOS-e820: [mem 0x0000000000800000-0x0000000000807fff] ACPI NVS
[    0.000000] BIOS-e820: [mem 0x0000000000808000-0x000000000080afff] usable
[    0.000000] BIOS-e820: [mem 0x000000000080b000-0x000000000080bfff] ACPI NVS
[    0.000000] BIOS-e820: [mem 0x000000000080c000-0x0000000000810fff] usable
[    0.000000] BIOS-e820: [mem 0x0000000000811000-0x00000000008fffff] ACPI NVS
[    0.000000] BIOS-e820: [mem 0x0000000000900000-0x00000000bf6ecfff] usable
[    0.000000] BIOS-e820: [mem 0x00000000bf6ed000-0x00000000bf96cfff] reserved
[    0.000000] BIOS-e820: [mem 0x00000000bf96d000-0x00000000bf97efff] ACPI data
[    0.000000] BIOS-e820: [mem 0x00000000bf97f000-0x00000000bf9fefff] ACPI NVS
[    0.000000] BIOS-e820: [mem 0x00000000bf9ff000-0x00000000bfdd0fff] usable
[    0.000000] BIOS-e820: [mem 0x00000000bfdd1000-0x00000000bfdd4fff] reserved
[    0.000000] BIOS-e820: [mem 0x00000000bfdd5000-0x00000000bfdd6fff] ACPI NVS
[    0.000000] BIOS-e820: [mem 0x00000000bfdd7000-0x00000000bfe7bfff] usable
[    0.000000] BIOS-e820: [mem 0x00000000bfe7c000-0x00000000bfefffff] reserved
[    0.000000] BIOS-e820: [mem 0x00000000bff00000-0x00000000bfffffff] ACPI NVS
[    0.000000] BIOS-e820: [mem 0x00000000feffc000-0x00000000feffffff] reserved
[    0.000000] BIOS-e820: [mem 0x0000000100000000-0x000000013fffffff] usable
[    0.000000] printk: debug: ignoring loglevel setting.
[    0.000000] NX (Execute Disable) protection: active
[    0.000000] APIC: Static calls initialized
[    0.000000] e820: update [mem 0xbd723018-0xbd72c857] usable ==> usable
[    0.000000] e820: update [mem 0xbd6fb018-0xbd722457] usable ==> usable
[    0.000000] extended physical RAM map:
[    0.000000] reserve setup_data: [mem 0x0000000000000000-0x000000000009ffff] usable
[    0.000000] reserve setup_data: [mem 0x0000000000100000-0x00000000007fffff] usable
[    0.000000] reserve setup_data: [mem 0x0000000000800000-0x0000000000807fff] ACPI NVS
[    0.000000] reserve setup_data: [mem 0x0000000000808000-0x000000000080afff] usable
[    0.000000] reserve setup_data: [mem 0x000000000080b000-0x000000000080bfff] ACPI NVS
[    0.000000] reserve setup_data: [mem 0x000000000080c000-0x0000000000810fff] usable
[    0.000000] reserve setup_data: [mem 0x0000000000811000-0x00000000008fffff] ACPI NVS
[    0.000000] reserve setup_data: [mem 0x0000000000900000-0x00000000bd6fb017] usable
[    0.000000] reserve setup_data: [mem 0x00000000bd6fb018-0x00000000bd722457] usable
[    0.000000] reserve setup_data: [mem 0x00000000bd722458-0x00000000bd723017] usable
[    0.000000] reserve setup_data: [mem 0x00000000bd723018-0x00000000bd72c857] usable
[    0.000000] reserve setup_data: [mem 0x00000000bd72c858-0x00000000bf6ecfff] usable
[    0.000000] reserve setup_data: [mem 0x00000000bf6ed000-0x00000000bf96cfff] reserved
[    0.000000] reserve setup_data: [mem 0x00000000bf96d000-0x00000000bf97efff] ACPI data
[    0.000000] reserve setup_data: [mem 0x00000000bf97f000-0x00000000bf9fefff] ACPI NVS
[    0.000000] reserve setup_data: [mem 0x00000000bf9ff000-0x00000000bfdd0fff] usable
[    0.000000] reserve setup_data: [mem 0x00000000bfdd1000-0x00000000bfdd4fff] reserved
[    0.000000] reserve setup_data: [mem 0x00000000bfdd5000-0x00000000bfdd6fff] ACPI NVS
[    0.000000] reserve setup_data: [mem 0x00000000bfdd7000-0x00000000bfe7bfff] usable
[    0.000000] reserve setup_data: [mem 0x00000000bfe7c000-0x00000000bfefffff] reserved
[    0.000000] reserve setup_data: [mem 0x00000000bff00000-0x00000000bfffffff] ACPI NVS
[    0.000000] reserve setup_data: [mem 0x00000000feffc000-0x00000000feffffff] reserved
[    0.000000] reserve setup_data: [mem 0x0000000100000000-0x000000013fffffff] usable
[    0.000000] efi: EFI v2.7 by EDK II
[    0.000000] efi: SMBIOS=0xbf73f000 ACPI=0xbf97e000 ACPI 2.0=0xbf97e014 MEMATTR=0xbd749018 RNG=0xbf973018 
[    0.000000] random: crng init done
[    0.000000] SMBIOS 2.8 present.
[    0.000000] DMI: QEMU Standard PC (i440FX + PIIX, 1996), BIOS unknown 02/02/2022
[    0.000000] DMI: Memory slots populated: 1/1
[    0.000000] Hypervisor detected: KVM
[    0.000000] kvm-clock: Using msrs 4b564d01 and 4b564d00
[    0.000002] kvm-clock: using sched offset of 2631370912 cycles
[    0.000005] clocksource: kvm-clock: mask: 0xffffffffffffffff max_cycles: 0x1cd42e4dffb, max_idle_ns: 881590591483 ns
[    0.000010] tsc: Detected 3194.002 MHz processor
[    0.000305] e820: update [mem 0x00000000-0x00000fff] usable ==> reserved
[    0.000309] e820: remove [mem 0x000a0000-0x000fffff] usable
[    0.000329] last_pfn = 0x140000 max_arch_pfn = 0x400000000
[    0.000423] MTRR map: 4 entries (2 fixed + 2 variable; max 18), built from 8 variable MTRRs
[    0.000429] x86/PAT: Configuration [0-7]: WB  WC  UC- UC  WB  WP  UC- WT  
[    0.000556] last_pfn = 0xbfe7c max_arch_pfn = 0x400000000
[    0.008968] Using GB pages for direct mapping
[    0.011312] Secure boot disabled
[    0.011315] ACPI: Early table checksum verification disabled
[    0.011320] ACPI: RSDP 0x00000000BF97E014 000024 (v02 BOCHS )
[    0.011327] ACPI: XSDT 0x00000000BF97D0E8 000054 (v01 BOCHS  BXPC     00000001      01000013)
[    0.011336] ACPI: FACP 0x00000000BF979000 000074 (v01 BOCHS  BXPC     00000001 BXPC 00000001)
[    0.011350] ACPI: DSDT 0x00000000BF97A000 002B5F (v01 BOCHS  BXPC     00000001 BXPC 00000001)
[    0.011360] ACPI: FACS 0x00000000BF9DD000 000040
[    0.011368] ACPI: APIC 0x00000000BF978000 0000F0 (v03 BOCHS  BXPC     00000001 BXPC 00000001)
[    0.011377] ACPI: HPET 0x00000000BF977000 000038 (v01 BOCHS  BXPC     00000001 BXPC 00000001)
[    0.011386] ACPI: SRAT 0x00000000BF976000 0001D0 (v01 BOCHS  BXPC     00000001 BXPC 00000001)
[    0.011395] ACPI: WAET 0x00000000BF975000 000028 (v01 BOCHS  BXPC     00000001 BXPC 00000001)
[    0.011399] ACPI: BGRT 0x00000000BF974000 000038 (v01 INTEL  EDK2     00000002      01000013)
[    0.011402] ACPI: Reserving FACP table memory at [mem 0xbf979000-0xbf979073]
[    0.011405] ACPI: Reserving DSDT table memory at [mem 0xbf97a000-0xbf97cb5e]
[    0.011407] ACPI: Reserving FACS table memory at [mem 0xbf9dd000-0xbf9dd03f]
[    0.011408] ACPI: Reserving APIC table memory at [mem 0xbf978000-0xbf9780ef]
[    0.011409] ACPI: Reserving HPET table memory at [mem 0xbf977000-0xbf977037]
[    0.011410] ACPI: Reserving SRAT table memory at [mem 0xbf976000-0xbf9761cf]
[    0.011412] ACPI: Reserving WAET table memory at [mem 0xbf975000-0xbf975027]
[    0.011413] ACPI: Reserving BGRT table memory at [mem 0xbf974000-0xbf974037]
[    0.011587] ACPI: SRAT: Node 0 PXM 0 [mem 0x00000000-0x0009ffff]
[    0.011595] ACPI: SRAT: Node 0 PXM 0 [mem 0x00100000-0xbfffffff]
[    0.011598] ACPI: SRAT: Node 0 PXM 0 [mem 0x100000000-0x13fffffff]
[    0.011600] ACPI: SRAT: Node 0 PXM 0 [mem 0x140000000-0x63fffffff]
[    0.011603] NUMA: Node 0 [mem 0x00001000-0x0009ffff] + [mem 0x00100000-0xbfffffff] -> [mem 0x00001000-0xbfffffff]
[    0.011608] NUMA: Node 0 [mem 0x00001000-0xbfffffff] + [mem 0x100000000-0x13fffffff] -> [mem 0x00001000-0x13fffffff]
[    0.011637] NODE_DATA(0) allocated [mem 0x13fffa940-0x13fffdfff]
[    0.011810] Zone ranges:
[    0.011811]   DMA      [mem 0x0000000000001000-0x0000000000ffffff]
[    0.011815]   DMA32    [mem 0x0000000001000000-0x00000000ffffffff]
[    0.011818]   Normal   [mem 0x0000000100000000-0x000000013fffffff]
[    0.011820] Movable zone start for each node
[    0.011822] Early memory node ranges
[    0.011822]   node   0: [mem 0x0000000000001000-0x000000000009ffff]
[    0.011825]   node   0: [mem 0x0000000000100000-0x00000000007fffff]
[    0.011826]   node   0: [mem 0x0000000000808000-0x000000000080afff]
[    0.011827]   node   0: [mem 0x000000000080c000-0x0000000000810fff]
[    0.011829]   node   0: [mem 0x0000000000900000-0x00000000bf6ecfff]
[    0.011830]   node   0: [mem 0x00000000bf9ff000-0x00000000bfdd0fff]
[    0.011832]   node   0: [mem 0x00000000bfdd7000-0x00000000bfe7bfff]
[    0.011833]   node   0: [mem 0x0000000100000000-0x000000013fffffff]
[    0.011835] Initmem setup node 0 [mem 0x0000000000001000-0x000000013fffffff]
[    0.011884] On node 0, zone DMA: 1 pages in unavailable ranges
[    0.012228] On node 0, zone DMA: 96 pages in unavailable ranges
[    0.012241] On node 0, zone DMA: 8 pages in unavailable ranges
[    0.012243] On node 0, zone DMA: 1 pages in unavailable ranges
[    0.012609] On node 0, zone DMA: 239 pages in unavailable ranges
[    0.161328] On node 0, zone DMA32: 786 pages in unavailable ranges
[    0.161359] On node 0, zone DMA32: 6 pages in unavailable ranges
[    0.210695] On node 0, zone Normal: 388 pages in unavailable ranges
[    0.216065] ACPI: PM-Timer IO Port: 0xb008
[    0.216090] ACPI: LAPIC_NMI (acpi_id[0xff] dfl dfl lint[0x1])
[    0.216159] IOAPIC[0]: apic_id 0, version 17, address 0xfec00000, GSI 0-23
[    0.216165] ACPI: INT_SRC_OVR (bus 0 bus_irq 0 global_irq 2 dfl dfl)
[    0.216168] ACPI: INT_SRC_OVR (bus 0 bus_irq 5 global_irq 5 high level)
[    0.216170] ACPI: INT_SRC_OVR (bus 0 bus_irq 9 global_irq 9 high level)
[    0.216172] ACPI: INT_SRC_OVR (bus 0 bus_irq 10 global_irq 10 high level)
[    0.216174] ACPI: INT_SRC_OVR (bus 0 bus_irq 11 global_irq 11 high level)
[    0.216179] ACPI: Using ACPI (MADT) for SMP configuration information
[    0.216181] ACPI: HPET id: 0x8086a201 base: 0xfed00000
[    0.216234] e820: update [mem 0xbd72d000-0xbd735fff] usable ==> reserved
[    0.216262] TSC deadline timer available
[    0.216273] CPU topo: Max. logical packages:   1
[    0.216274] CPU topo: Max. logical dies:       1
[    0.216275] CPU topo: Max. dies per package:   1
[    0.216285] CPU topo: Max. threads per core:   2
[    0.216287] CPU topo: Num. cores per package:     8
[    0.216288] CPU topo: Num. threads per package:  16
[    0.216289] CPU topo: Allowing 16 present CPUs plus 0 hotplug CPUs
[    0.216327] kvm-guest: APIC: eoi() replaced with kvm_guest_apic_eoi_write()
[    0.216353] kvm-guest: KVM setup pv remote TLB flush
[    0.216362] kvm-guest: setup PV sched yield
[    0.216400] PM: hibernation: Registered nosave memory: [mem 0x00000000-0x00000fff]
[    0.216404] PM: hibernation: Registered nosave memory: [mem 0x000a0000-0x000fffff]
[    0.216407] PM: hibernation: Registered nosave memory: [mem 0x00800000-0x00807fff]
[    0.216409] PM: hibernation: Registered nosave memory: [mem 0x0080b000-0x0080bfff]
[    0.216412] PM: hibernation: Registered nosave memory: [mem 0x00811000-0x008fffff]
[    0.216414] PM: hibernation: Registered nosave memory: [mem 0xbd6fb000-0xbd6fbfff]
[    0.216417] PM: hibernation: Registered nosave memory: [mem 0xbd722000-0xbd722fff]
[    0.216418] PM: hibernation: Registered nosave memory: [mem 0xbd723000-0xbd723fff]
[    0.216420] PM: hibernation: Registered nosave memory: [mem 0xbd72c000-0xbd72cfff]
[    0.216421] PM: hibernation: Registered nosave memory: [mem 0xbd72d000-0xbd735fff]
[    0.216424] PM: hibernation: Registered nosave memory: [mem 0xbf6ed000-0xbf96cfff]
[    0.216425] PM: hibernation: Registered nosave memory: [mem 0xbf96d000-0xbf97efff]
[    0.216426] PM: hibernation: Registered nosave memory: [mem 0xbf97f000-0xbf9fefff]
[    0.216428] PM: hibernation: Registered nosave memory: [mem 0xbfdd1000-0xbfdd4fff]
[    0.216429] PM: hibernation: Registered nosave memory: [mem 0xbfdd5000-0xbfdd6fff]
[    0.216432] PM: hibernation: Registered nosave memory: [mem 0xbfe7c000-0xbfefffff]
[    0.216433] PM: hibernation: Registered nosave memory: [mem 0xbff00000-0xbfffffff]
[    0.216434] PM: hibernation: Registered nosave memory: [mem 0xc0000000-0xfeffbfff]
[    0.216435] PM: hibernation: Registered nosave memory: [mem 0xfeffc000-0xfeffffff]
[    0.216436] PM: hibernation: Registered nosave memory: [mem 0xff000000-0xffffffff]
[    0.216438] [mem 0xc0000000-0xfeffbfff] available for PCI devices
[    0.216441] Booting paravirtualized kernel on KVM
[    0.216444] clocksource: refined-jiffies: mask: 0xffffffff max_cycles: 0xffffffff, max_idle_ns: 1910969940391419 ns
[    0.229517] setup_percpu: NR_CPUS:64 nr_cpumask_bits:16 nr_cpu_ids:16 nr_node_ids:1
[    0.241524] percpu: Embedded 56 pages/cpu s190296 r8192 d30888 u262144
[    0.241536] pcpu-alloc: s190296 r8192 d30888 u262144 alloc=1*2097152
[    0.241540] pcpu-alloc: [0] 00 01 02 03 04 05 06 07 [0] 08 09 10 11 12 13 14 15 
[    0.241654] Kernel command line: root=/dev/sda4 console=ttyS0 nokaslr ignore_loglevel panic=-1 systemd.unit=poweroff.target TERM=dumb
[    0.241756] Unknown kernel command line parameters "nokaslr", will be passed to user space.
[    0.241963] printk: log buffer data + meta data: 262144 + 917504 = 1179648 bytes
[    0.253932] Dentry cache hash table entries: 524288 (order: 10, 4194304 bytes, linear)
[    0.259768] Inode-cache hash table entries: 262144 (order: 9, 2097152 bytes, linear)
[    0.259876] Fallback order for Node 0: 0 
[    0.259882] Built 1 zonelists, mobility grouping on.  Total pages: 1047051
[    0.259885] Policy zone: Normal
[    0.259888] mem auto-init: stack:all(zero), heap alloc:off, heap free:off
[    0.259897] software IO TLB: area num 16.
[    0.428476] SLUB: HWalign=64, Order=0-3, MinObjects=0, CPUs=16, Nodes=1
[    0.432033] Dynamic Preempt: voluntary
[    0.432391] rcu: Preemptible hierarchical RCU implementation.
[    0.432392] rcu: 	RCU event tracing is enabled.
[    0.432393] rcu: 	RCU restricting CPUs from NR_CPUS=64 to nr_cpu_ids=16.
[    0.432395] 	Trampoline variant of Tasks RCU enabled.
[    0.432396] 	Tracing variant of Tasks RCU enabled.
[    0.432397] rcu: RCU calculated value of scheduler-enlistment delay is 100 jiffies.
[    0.432399] rcu: Adjusting geometry for rcu_fanout_leaf=16, nr_cpu_ids=16
[    0.432454] RCU Tasks: Setting shift to 4 and lim to 1 rcu_task_cb_adjust=1 rcu_task_cpu_ids=16.
[    0.432457] RCU Tasks Trace: Setting shift to 4 and lim to 1 rcu_task_cb_adjust=1 rcu_task_cpu_ids=16.
[    0.440301] NR_IRQS: 4352, nr_irqs: 552, preallocated irqs: 16
[    0.440636] rcu: srcu_init: Setting srcu_struct sizes based on contention.
[    0.440960] Console: colour dummy device 80x25
[    0.441348] printk: legacy console [ttyS0] enabled
[    1.742650] ACPI: Core revision 20240827
[    1.747457] clocksource: hpet: mask: 0xffffffff max_cycles: 0xffffffff, max_idle_ns: 19112604467 ns
[    1.757639] APIC: Switch to symmetric I/O mode setup
[    1.762896] kvm-guest: APIC: send_IPI_mask() replaced with kvm_send_ipi_mask()
[    1.771007] kvm-guest: APIC: send_IPI_mask_allbutself() replaced with kvm_send_ipi_mask_allbutself()
[    1.781162] kvm-guest: setup PV IPIs
[    1.786573] ..TIMER: vector=0x30 apic1=0 pin1=2 apic2=-1 pin2=-1
[    1.793170] clocksource: tsc-early: mask: 0xffffffffffffffff max_cycles: 0x2e0a27ea444, max_idle_ns: 440795348232 ns
[    1.805020] Calibrating delay loop (skipped) preset value.. 6388.00 BogoMIPS (lpj=3194002)
[    1.807172] x86/cpu: User Mode Instruction Prevention (UMIP) activated
[    1.808170] Last level iTLB entries: 4KB 512, 2MB 255, 4MB 127
[    1.809017] Last level dTLB entries: 4KB 512, 2MB 255, 4MB 127, 1GB 0
[    1.810032] Spectre V1 : Mitigation: usercopy/swapgs barriers and __user pointer sanitization
[    1.811021] Spectre V2 : Mitigation: Retpolines
[    1.812019] Spectre V2 : Spectre v2 / SpectreRSB mitigation: Filling RSB on context switch
[    1.813019] Spectre V2 : Spectre v2 / SpectreRSB : Filling RSB on VMEXIT
[    1.814021] Spectre V2 : Enabling Restricted Speculation for firmware calls
[    1.815025] Spectre V2 : mitigation: Enabling conditional Indirect Branch Prediction Barrier
[    1.816020] Spectre V2 : User space: Mitigation: STIBP always-on protection
[    1.817020] Speculative Store Bypass: Mitigation: Speculative Store Bypass disabled via prctl
[    1.818022] Speculative Return Stack Overflow: IBPB-extending microcode not applied!
[    1.819018] Speculative Return Stack Overflow: WARNING: See https://kernel.org/doc/html/latest/admin-guide/hw-vuln/srso.html for mitigation options.
[    1.819020] Speculative Return Stack Overflow: Vulnerable: Safe RET, no microcode
[    1.821051] x86/fpu: Supporting XSAVE feature 0x001: 'x87 floating point registers'
[    1.822018] x86/fpu: Supporting XSAVE feature 0x002: 'SSE registers'
[    1.823020] x86/fpu: Supporting XSAVE feature 0x004: 'AVX registers'
[    1.824019] x86/fpu: Supporting XSAVE feature 0x200: 'Protection Keys User registers'
[    1.825019] x86/fpu: xstate_offset[2]:  576, xstate_sizes[2]:  256
[    1.826019] x86/fpu: xstate_offset[9]:  832, xstate_sizes[9]:    8
[    1.827019] x86/fpu: Enabled xstate features 0x207, context size is 840 bytes, using 'compacted' format.
[    1.861023] Freeing SMP alternatives memory: 56K
[    1.862025] pid_max: default: 32768 minimum: 301
[    1.866359] LSM: initializing lsm=capability,selinux
[    1.867065] SELinux:  Initializing.
[    1.869264] Mount-cache hash table entries: 8192 (order: 4, 65536 bytes, linear)
[    1.870158] Mountpoint-cache hash table entries: 8192 (order: 4, 65536 bytes, linear)
[    1.873013] smpboot: CPU0: AMD Ryzen 7 7735HS with Radeon Graphics (family: 0x19, model: 0x44, stepping: 0x1)
[    1.877199] Performance Events: Fam17h+ core perfctr, AMD PMU driver.
[    1.878034] ... version:                0
[    1.879022] ... bit width:              48
[    1.880023] ... generic registers:      6
[    1.881022] ... value mask:             0000ffffffffffff
[    1.882024] ... max period:             00007fffffffffff
[    1.883022] ... fixed-purpose events:   0
[    1.884022] ... event mask:             000000000000003f
[    1.885315] signal: max sigframe size: 3376
[    1.886188] rcu: Hierarchical SRCU implementation.
[    1.887022] rcu: 	Max phase no-delay instances is 400.
[    1.889106] Timer migration: 2 hierarchy levels; 8 children per group; 2 crossnode level
[    1.899579] smp: Bringing up secondary CPUs ...
[    1.902225] smpboot: x86: Booting SMP configuration:
[    1.903023] .... node  #0, CPUs:        #2  #4  #6  #8 #10 #12 #14  #1  #3  #5  #7  #9 #11 #13 #15
[    1.932021] Spectre V2 : Update user space SMT mitigation: STIBP always-on
[    1.938179] smp: Brought up 1 node, 16 CPUs
[    1.939024] smpboot: Total of 16 processors activated (102208.06 BogoMIPS)
[    1.941273] Memory: 3996696K/4188204K available (18842K kernel code, 2726K rwdata, 6988K rodata, 2804K init, 1348K bss, 183500K reserved, 0K cma-reserved)
[    1.942341] devtmpfs: initialized
[    1.944226] ACPI: PM: Registering ACPI NVS region [mem 0x00800000-0x00807fff] (32768 bytes)
[    1.945027] ACPI: PM: Registering ACPI NVS region [mem 0x0080b000-0x0080bfff] (4096 bytes)
[    1.946023] ACPI: PM: Registering ACPI NVS region [mem 0x00811000-0x008fffff] (978944 bytes)
[    1.947083] ACPI: PM: Registering ACPI NVS region [mem 0xbf97f000-0xbf9fefff] (524288 bytes)
[    1.948061] ACPI: PM: Registering ACPI NVS region [mem 0xbfdd5000-0xbfdd6fff] (8192 bytes)
[    1.949022] ACPI: PM: Registering ACPI NVS region [mem 0xbff00000-0xbfffffff] (1048576 bytes)
[    1.950227] clocksource: jiffies: mask: 0xffffffff max_cycles: 0xffffffff, max_idle_ns: 1911260446275000 ns
[    1.951029] futex hash table entries: 4096 (order: 6, 262144 bytes, linear)
[    1.952937] PM: RTC time: 09:48:38, date: 2026-09-25
[    1.953553] NET: Registered PF_NETLINK/PF_ROUTE protocol family
[    1.954238] audit: initializing netlink subsys (disabled)
[    1.955149] audit: type=2000 audit(1790329716.989:1): state=initialized audit_enabled=0 res=1
[    1.955411] thermal_sys: Registered thermal governor 'step_wise'
[    1.956062] cpuidle: using governor menu
[    1.965165] PCI: Using configuration type 1 for base access
[    1.966024] PCI: Using configuration type 1 for extended access
[    1.967200] kprobes: kprobe jump-optimization is enabled. All kprobes are optimized if possible.
[    1.969047] HugeTLB: registered 2.00 MiB page size, pre-allocated 0 pages
[    1.970021] HugeTLB: 28 KiB vmemmap can be freed for a 2.00 MiB page
[    1.971192] ACPI: Added _OSI(Module Device)
[    1.972024] ACPI: Added _OSI(Processor Device)
[    1.973023] ACPI: Added _OSI(3.0 _SCP Extensions)
[    1.974022] ACPI: Added _OSI(Processor Aggregator Device)
[    1.977764] ACPI: 1 ACPI AML tables successfully acquired and loaded
[    1.980372] ACPI: Interpreter enabled
[    1.981045] ACPI: PM: (supports S0 S3 S4 S5)
[    1.982021] ACPI: Using IOAPIC for interrupt routing
[    1.983046] PCI: Using host bridge windows from ACPI; if necessary, use "pci=nocrs" and report a bug
[    1.984021] PCI: Using E820 reservations for host bridge windows
[    1.985398] ACPI: Enabled 3 GPEs in block 00 to 0F
[    2.008031] ACPI: PCI Root Bridge [PCI0] (domain 0000 [bus 00-ff])
[    2.009029] acpi PNP0A03:00: _OSC: OS supports [ExtendedConfig ASPM ClockPM Segments MSI HPX-Type3]
[    2.010372] PCI host bridge to bus 0000:00
[    2.011028] pci_bus 0000:00: root bus resource [io  0x0000-0x0cf7 window]
[    2.012023] pci_bus 0000:00: root bus resource [io  0x0d00-0xffff window]
[    2.013023] pci_bus 0000:00: root bus resource [mem 0x000a0000-0x000bffff window]
[    2.014029] pci_bus 0000:00: root bus resource [mem 0xc0000000-0xfebfffff window]
[    2.015027] pci_bus 0000:00: root bus resource [mem 0x380000000000-0x38007fffffff window]
[    2.016023] pci_bus 0000:00: root bus resource [bus 00-ff]
[    2.018024] pci 0000:00:00.0: [8086:1237] type 00 class 0x060000 conventional PCI endpoint
[    2.022443] pci 0000:00:01.0: [8086:7000] type 00 class 0x060100 conventional PCI endpoint
[    2.026434] pci 0000:00:01.1: [8086:7010] type 00 class 0x010180 conventional PCI endpoint
[    2.030411] pci 0000:00:01.1: BAR 4 [io  0xc120-0xc12f]
[    2.031298] pci 0000:00:01.1: BAR 0 [io  0x01f0-0x01f7]: legacy IDE quirk
[    2.032022] pci 0000:00:01.1: BAR 1 [io  0x03f6]: legacy IDE quirk
[    2.033022] pci 0000:00:01.1: BAR 2 [io  0x0170-0x0177]: legacy IDE quirk
[    2.034022] pci 0000:00:01.1: BAR 3 [io  0x0376]: legacy IDE quirk
[    2.035925] pci 0000:00:01.3: [8086:7113] type 00 class 0x068000 conventional PCI endpoint
[    2.038351] pci 0000:00:01.3: quirk: [io  0xb000-0xb03f] claimed by PIIX4 ACPI
[    2.039085] pci 0000:00:01.3: quirk: [io  0xb100-0xb10f] claimed by PIIX4 SMB
[    2.041061] pci 0000:00:02.0: [1013:00b8] type 00 class 0x030000 conventional PCI endpoint
[    2.045241] pci 0000:00:02.0: BAR 0 [mem 0xc0000000-0xc1ffffff pref]
[    2.046087] pci 0000:00:02.0: BAR 1 [mem 0xc2044000-0xc2044fff]
[    2.047249] pci 0000:00:02.0: ROM [mem 0xffff0000-0xffffffff pref]
[    2.048524] pci 0000:00:02.0: Video device with shadowed ROM at [mem 0x000c0000-0x000dffff]
[    2.050929] pci 0000:00:03.0: [1af4:1009] type 00 class 0x000200 conventional PCI endpoint
[    2.054209] pci 0000:00:03.0: BAR 0 [io  0xc080-0xc0bf]
[    2.055190] pci 0000:00:03.0: BAR 1 [mem 0xc2043000-0xc2043fff]
[    2.056244] pci 0000:00:03.0: BAR 4 [mem 0x380000000000-0x380000003fff 64bit pref]
[    2.062759] pci 0000:00:04.0: [1af4:1000] type 00 class 0x020000 conventional PCI endpoint
[    2.066128] pci 0000:00:04.0: BAR 0 [io  0xc100-0xc11f]
[    2.067082] pci 0000:00:04.0: BAR 1 [mem 0xc2042000-0xc2042fff]
[    2.068197] pci 0000:00:04.0: BAR 4 [mem 0x380000004000-0x380000007fff 64bit pref]
[    2.069076] pci 0000:00:04.0: ROM [mem 0xfffc0000-0xffffffff pref]
[    2.074901] pci 0000:00:05.0: [1b36:000d] type 00 class 0x0c0330 conventional PCI endpoint
[    2.077710] pci 0000:00:05.0: BAR 0 [mem 0x380000018000-0x38000001bfff 64bit]
[    2.081859] pci 0000:00:06.0: [8086:2922] type 00 class 0x010601 conventional PCI endpoint
[    2.085332] pci 0000:00:06.0: BAR 4 [io  0xc0e0-0xc0ff]
[    2.086081] pci 0000:00:06.0: BAR 5 [mem 0xc2041000-0xc2041fff]
[    2.091566] pci 0000:00:07.0: [1af4:1003] type 00 class 0x078000 conventional PCI endpoint
[    2.095458] pci 0000:00:07.0: BAR 0 [io  0xc040-0xc07f]
[    2.096084] pci 0000:00:07.0: BAR 1 [mem 0xc2040000-0xc2040fff]
[    2.097229] pci 0000:00:07.0: BAR 4 [mem 0x380000008000-0x38000000bfff 64bit pref]
[    2.103658] pci 0000:00:08.0: [1af4:1002] type 00 class 0x00ff00 conventional PCI endpoint
[    2.107021] pci 0000:00:08.0: BAR 0 [io  0xc000-0xc03f]
[    2.108246] pci 0000:00:08.0: BAR 4 [mem 0x38000000c000-0x38000000ffff 64bit pref]
[    2.114674] pci 0000:00:09.0: [1af4:1005] type 00 class 0x00ff00 conventional PCI endpoint
[    2.117905] pci 0000:00:09.0: BAR 0 [io  0xc0c0-0xc0df]
[    2.118311] pci 0000:00:09.0: BAR 4 [mem 0x380000010000-0x380000013fff 64bit pref]
[    2.123962] pci 0000:00:0a.0: [1af4:1058] type 00 class 0x00ff00 conventional PCI endpoint
[    2.127062] pci 0000:00:0a.0: BAR 4 [mem 0x380000014000-0x380000017fff 64bit pref]
[    2.133798] ACPI: PCI: Interrupt link LNKA configured for IRQ 10
[    2.134527] ACPI: PCI: Interrupt link LNKB configured for IRQ 10
[    2.135427] ACPI: PCI: Interrupt link LNKC configured for IRQ 11
[    2.136354] ACPI: PCI: Interrupt link LNKD configured for IRQ 11
[    2.137212] ACPI: PCI: Interrupt link LNKS configured for IRQ 9
[    2.142869] iommu: Default domain type: Translated
[    2.143020] iommu: DMA domain TLB invalidation policy: lazy mode
[    2.144379] SCSI subsystem initialized
[    2.145285] libata version 3.00 loaded.
[    2.146110] ACPI: bus type USB registered
[    2.147101] usbcore: registered new interface driver usbfs
[    2.148044] usbcore: registered new interface driver hub
[    2.149085] usbcore: registered new device driver usb
[    2.150095] pps_core: LinuxPPS API ver. 1 registered
[    2.151020] pps_core: Software ver. 5.3.6 - Copyright 2005-2007 Rodolfo Giometti <giometti@linux.it>
[    2.152031] PTP clock support registered
[    2.153222] efivars: Registered efivars operations
[    2.154203] Advanced Linux Sound Architecture Driver Initialized.
[    2.155499] NetLabel: Initializing
[    2.156020] NetLabel:  domain hash size = 128
[    2.157022] NetLabel:  protocols = UNLABELED CIPSOv4 CALIPSO
[    2.158089] NetLabel:  unlabeled traffic allowed by default
[    2.159264] PCI: Using ACPI for IRQ routing
[    2.160032] PCI: pci_cache_line_size set to 64 bytes
[    2.162399] e820: reserve RAM buffer [mem 0x0080b000-0x008fffff]
[    2.163032] e820: reserve RAM buffer [mem 0x00811000-0x008fffff]
[    2.164021] e820: reserve RAM buffer [mem 0xbd6fb018-0xbfffffff]
[    2.165025] e820: reserve RAM buffer [mem 0xbd723018-0xbfffffff]
[    2.166022] e820: reserve RAM buffer [mem 0xbd72d000-0xbfffffff]
[    2.167022] e820: reserve RAM buffer [mem 0xbf6ed000-0xbfffffff]
[    2.168023] e820: reserve RAM buffer [mem 0xbfdd1000-0xbfffffff]
[    2.169022] e820: reserve RAM buffer [mem 0xbfe7c000-0xbfffffff]
[    2.170218] pci 0000:00:02.0: vgaarb: setting as boot VGA device
[    2.171013] pci 0000:00:02.0: vgaarb: bridge control possible
[    2.171013] pci 0000:00:02.0: vgaarb: VGA device added: decodes=io+mem,owns=io+mem,locks=none
[    2.184026] vgaarb: loaded
[    2.186444] hpet0: at MMIO 0xfed00000, IRQs 2, 8, 0
[    2.190020] hpet0: 3 comparators, 64-bit 100.000000 MHz counter
[    2.200019] clocksource: Switched to clocksource kvm-clock
[    2.206456] VFS: Disk quotas dquot_6.6.0
[    2.210159] VFS: Dquot-cache hash table entries: 512 (order 0, 4096 bytes)
[    2.215704] pnp: PnP ACPI init
[    2.218452] pnp 00:03: [dma 2]
[    2.222830] pnp: PnP ACPI: found 5 devices
[    2.236656] clocksource: acpi_pm: mask: 0xffffff max_cycles: 0xffffff, max_idle_ns: 2085701024 ns
[    2.243863] NET: Registered PF_INET protocol family
[    2.248317] IP idents hash table entries: 65536 (order: 7, 524288 bytes, linear)
[    2.254968] tcp_listen_portaddr_hash hash table entries: 2048 (order: 3, 32768 bytes, linear)
[    2.261243] Table-perturb hash table entries: 65536 (order: 6, 262144 bytes, linear)
[    2.267052] TCP established hash table entries: 32768 (order: 6, 262144 bytes, linear)
[    2.273410] TCP bind hash table entries: 32768 (order: 8, 1048576 bytes, linear)
[    2.280121] TCP: Hash tables configured (established 32768 bind 32768)
[    2.285111] UDP hash table entries: 2048 (order: 5, 131072 bytes, linear)
[    2.290128] UDP-Lite hash table entries: 2048 (order: 5, 131072 bytes, linear)
[    2.295929] NET: Registered PF_UNIX/PF_LOCAL protocol family
[    2.300798] RPC: Registered named UNIX socket transport module.
[    2.305184] RPC: Registered udp transport module.
[    2.308638] RPC: Registered tcp transport module.
[    2.311964] RPC: Registered tcp-with-tls transport module.
[    2.316132] RPC: Registered tcp NFSv4.1 backchannel transport module.
[    2.321322] pci 0000:00:04.0: ROM [mem 0xfffc0000-0xffffffff pref]: can't claim; no compatible bridge window
[    2.328730] pci 0000:00:04.0: ROM [mem 0xc2000000-0xc203ffff pref]: assigned
[    2.333781] pci_bus 0000:00: resource 4 [io  0x0000-0x0cf7 window]
[    2.338364] pci_bus 0000:00: resource 5 [io  0x0d00-0xffff window]
[    2.343009] pci_bus 0000:00: resource 6 [mem 0x000a0000-0x000bffff window]
[    2.347960] pci_bus 0000:00: resource 7 [mem 0xc0000000-0xfebfffff window]
[    2.352877] pci_bus 0000:00: resource 8 [mem 0x380000000000-0x38007fffffff window]
[    2.358517] pci 0000:00:01.0: PIIX3: Enabling Passive Release
[    2.362841] pci 0000:00:00.0: Limiting direct PCI/PCI transfers
[    2.401919] ACPI: \_SB_.LNKA: Enabled at IRQ 10
[    2.441498] pci 0000:00:05.0: quirk_usb_early_handoff+0x0/0x840 took 72165 usecs
[    2.447624] PCI: CLS 0 bytes, default 64
[    2.450885] PCI-DMA: Using software bounce buffering for IO (SWIOTLB)
[    2.455682] software IO TLB: mapped [mem 0x00000000b7dfe000-0x00000000bbdfe000] (64MB)
[    2.463820] clocksource: tsc: mask: 0xffffffffffffffff max_cycles: 0x2e0a27ea444, max_idle_ns: 440795348232 ns
[    2.481755] Initialise system trusted keyrings
[    2.485421] workingset: timestamp_bits=56 max_order=20 bucket_order=0
[    2.490693] NFS: Registering the id_resolver key type
[    2.494417] Key type id_resolver registered
[    2.497603] Key type id_legacy registered
[    2.500748] 9p: Installing v9fs 9p2000 file system support
[    2.516906] Key type asymmetric registered
[    2.520367] Asymmetric key parser 'x509' registered
[    2.523775] Block layer SCSI generic (bsg) driver version 0.4 loaded (major 251)
[    2.529209] io scheduler mq-deadline registered
[    2.532545] io scheduler kyber registered
[    2.537035] input: Power Button as /devices/LNXSYSTM:00/LNXPWRBN:00/input/input0
[    2.542647] ACPI: button: Power Button [PWRF]
[    2.582579] ACPI: \_SB_.LNKC: Enabled at IRQ 11
[    2.624397] ACPI: \_SB_.LNKD: Enabled at IRQ 11
[    2.778599] ACPI: \_SB_.LNKB: Enabled at IRQ 10
[    2.786022] Serial: 8250/16550 driver, 4 ports, IRQ sharing enabled
[    2.790965] 00:00: ttyS0 at I/O 0x3f8 (irq = 4, base_baud = 115200) is a 16550A
[    2.828759] Non-volatile memory driver v1.3
[    2.831884] Linux agpgart interface v0.103
[    2.835086] ACPI: bus type drm_connector registered
[    2.847314] loop: module loaded
[    2.849908] ahci 0000:00:06.0: version 3.0
[    2.889558] ahci 0000:00:06.0: AHCI vers 0001.0000, 32 command slots, 1.5 Gbps, SATA mode
[    2.895610] ahci 0000:00:06.0: 6/6 ports implemented (port mask 0x3f)
[    2.900523] ahci 0000:00:06.0: flags: 64bit ncq only 
[    2.909157] scsi host0: ahci
[    2.912403] scsi host1: ahci
[    2.915179] scsi host2: ahci
[    2.918163] scsi host3: ahci
[    2.921449] scsi host4: ahci
[    2.924656] scsi host5: ahci
[    2.927255] ata1: SATA max UDMA/133 abar m4096@0xc2041000 port 0xc2041100 irq 26 lpm-pol 0
[    2.933685] ata2: SATA max UDMA/133 abar m4096@0xc2041000 port 0xc2041180 irq 26 lpm-pol 0
[    2.940504] ata3: SATA max UDMA/133 abar m4096@0xc2041000 port 0xc2041200 irq 26 lpm-pol 0
[    2.947150] ata4: SATA max UDMA/133 abar m4096@0xc2041000 port 0xc2041280 irq 26 lpm-pol 0
[    2.953791] ata5: SATA max UDMA/133 abar m4096@0xc2041000 port 0xc2041300 irq 26 lpm-pol 0
[    2.960271] ata6: SATA max UDMA/133 abar m4096@0xc2041000 port 0xc2041380 irq 26 lpm-pol 0
[    2.966668] ata_piix 0000:00:01.1: version 2.13
[    2.971867] scsi host6: ata_piix
[    2.974953] scsi host7: ata_piix
[    2.977748] ata7: PATA max MWDMA2 cmd 0x1f0 ctl 0x3f6 bmdma 0xc120 irq 14 lpm-pol 0
[    2.983908] ata8: PATA max MWDMA2 cmd 0x170 ctl 0x376 bmdma 0xc128 irq 15 lpm-pol 0
[    2.995633] e100: Intel(R) PRO/100 Network Driver
[    2.999394] e100: Copyright(c) 1999-2006 Intel Corporation
[    3.003661] e1000: Intel(R) PRO/1000 Network Driver
[    3.007410] e1000: Copyright (c) 1999-2006 Intel Corporation.
[    3.011874] e1000e: Intel(R) PRO/1000 Network Driver
[    3.015791] e1000e: Copyright(c) 1999 - 2015 Intel Corporation.
[    3.020467] sky2: driver version 1.30
[    3.060168] xhci_hcd 0000:00:05.0: xHCI Host Controller
[    3.064863] xhci_hcd 0000:00:05.0: new USB bus registered, assigned bus number 1
[    3.072017] xhci_hcd 0000:00:05.0: hcc params 0x00087001 hci version 0x100 quirks 0x0000000000000010
[    3.084338] xhci_hcd 0000:00:05.0: xHCI Host Controller
[    3.088608] xhci_hcd 0000:00:05.0: new USB bus registered, assigned bus number 2
[    3.094439] xhci_hcd 0000:00:05.0: Host supports USB 3.0 SuperSpeed
[    3.099662] usb usb1: New USB device found, idVendor=1d6b, idProduct=0002, bcdDevice= 6.14
[    3.106200] usb usb1: New USB device strings: Mfr=3, Product=2, SerialNumber=1
[    3.112052] usb usb1: Product: xHCI Host Controller
[    3.115974] usb usb1: Manufacturer: Linux 6.14.0 xhci-hcd
[    3.120452] usb usb1: SerialNumber: 0000:00:05.0
[    3.124542] hub 1-0:1.0: USB hub found
[    3.127976] hub 1-0:1.0: 15 ports detected
[    3.133764] usb usb2: We don't know the algorithms for LPM for this host, disabling LPM.
[    3.140123] usb usb2: New USB device found, idVendor=1d6b, idProduct=0003, bcdDevice= 6.14
[    3.146737] usb usb2: New USB device strings: Mfr=3, Product=2, SerialNumber=1
[    3.152375] usb usb2: Product: xHCI Host Controller
[    3.156306] usb usb2: Manufacturer: Linux 6.14.0 xhci-hcd
[    3.160493] usb usb2: SerialNumber: 0000:00:05.0
[    3.164725] hub 2-0:1.0: USB hub found
[    3.168158] hub 2-0:1.0: 15 ports detected
[    3.174157] usbcore: registered new interface driver usblp
[    3.178707] usbcore: registered new interface driver usb-storage
[    3.183514] i8042: PNP: PS/2 Controller [PNP0303:KBD,PNP0f13:MOU] at 0x60,0x64 irq 1,12
[    3.192573] serio: i8042 KBD port at 0x60,0x64 irq 1
[    3.196614] serio: i8042 AUX port at 0x60,0x64 irq 12
[    3.200708] rtc_cmos 00:04: RTC can wake from S4
[    3.205192] input: AT Translated Set 2 keyboard as /devices/platform/i8042/serio0/input/input1
[    3.206274] rtc_cmos 00:04: registered as rtc0
[    3.214955] rtc_cmos 00:04: alarms up to one day, y3k, 242 bytes nvram
[    3.219943] device-mapper: ioctl: 4.49.0-ioctl (2025-01-17) initialised: dm-devel@lists.linux.dev
[    3.226911] amd_pstate: The CPPC feature is supported but currently disabled by the BIOS.
[    3.226911] Please enable it if your BIOS has the CPPC option.
[    3.238085] amd_pstate: the _CPC object is not present in SBIOS or ACPI disabled
[    3.243554] hid: raw HID events driver (C) Jiri Kosina
[    3.247619] usbcore: registered new interface driver usbhid
[    3.251653] usbhid: USB HID core driver
[    3.256948] Initializing XFRM netlink socket
[    3.260474] NET: Registered PF_INET6 protocol family
[    3.265258] Segment Routing with IPv6
[    3.267985] In-situ OAM (IOAM) with IPv6
[    3.270962] sit: IPv6, IPv4 and MPLS over IPv4 tunneling driver
[    3.275671] NET: Registered PF_PACKET protocol family
[    3.278400] ata4: SATA link down (SStatus 0 SControl 300)
[    3.279600] 9pnet: Installing 9P2000 support
[    3.284769] ata1: SATA link up 1.5 Gbps (SStatus 113 SControl 300)
[    3.290632] Key type dns_resolver registered
[    3.292530] ata2: SATA link down (SStatus 0 SControl 300)
[    3.298591] ata3: SATA link down (SStatus 0 SControl 300)
[    3.303885] IPI shorthand broadcast: enabled
[    3.303926] ata5: SATA link down (SStatus 0 SControl 300)
[    3.311693] ata6: SATA link down (SStatus 0 SControl 300)
[    3.314435] registered taskstats version 1
[    3.316293] ata1.00: ATA-7: QEMU HARDDISK, 2.5+, max UDMA/100
[    3.318627] Loading compiled-in X.509 certificates
[    3.326432] ata1.00: 52428800 sectors, multi 16: LBA48 NCQ (depth 32)
[    3.330933] ata1.00: applying bridge limits
[    3.334418] Demotion targets for Node 0: null
[    3.334731] ata1.00: configured for UDMA/100
[    3.338062] PM:   Magic number: 10:638:829
[    3.341218] scsi 0:0:0:0: Direct-Access     ATA      QEMU HARDDISK    2.5+ PQ: 0 ANSI: 5
[    3.344032] printk: legacy console [netcon0] enabled
[    3.349674] sd 0:0:0:0: Attached scsi generic sg0 type 0
[    3.349714] sd 0:0:0:0: [sda] 52428800 512-byte logical blocks: (26.8 GB/25.0 GiB)
[    3.349735] sd 0:0:0:0: [sda] Write Protect is off
[    3.349744] sd 0:0:0:0: [sda] Mode Sense: 00 3a 00 00
[    3.349761] sd 0:0:0:0: [sda] Write cache: enabled, read cache: enabled, doesn't support DPO or FUA
[    3.349787] sd 0:0:0:0: [sda] Preferred minimum I/O size 512 bytes
[    3.352857] netconsole: network logging started
[    3.384863] cfg80211: Loading compiled-in X.509 certificates for regulatory database
[    3.391208] kworker/u64:7 (148) used greatest stack depth: 14192 bytes left
[    3.392230] Loaded X.509 cert 'sforshee: 00b28ddf47aef9cea7'
[    3.400515] Loaded X.509 cert 'wens: 61c038651aabdcf94bd0ac7ff06c7248db18c600'
[    3.406654]  sda: sda1 sda2 sda3 sda4
[    3.407035] Unstable clock detected, switching default tracing clock to "global"
[    3.407035] If you want to keep using the local clock, then add:
[    3.407035]   "trace_clock=local"
[    3.407035] on the kernel command line
[    3.410109] sd 0:0:0:0: [sda] Attached SCSI disk
[    3.424507] platform regulatory.0: Direct firmware load for regulatory.db failed with error -2
[    3.433857] cfg80211: failed to load regulatory.db
[    3.434127] ALSA device list:
[    3.440371]   No soundcards found.
[    3.651803] input: ImExPS/2 Generic Explorer Mouse as /devices/platform/i8042/serio1/input/input3
[    3.656111] md: Waiting for all devices to be available before autodetect
[    3.659007] md: If you don't use raid, use raid=noautodetect
[    3.661738] md: Autodetecting RAID arrays.
[    3.663789] md: autorun ...
[    3.665313] md: ... autorun DONE.
[    3.672303] EXT4-fs (sda4): mounted filesystem 33f4a330-a043-4515-b16c-ee1f0959346b ro with ordered data mode. Quota mode: none.
[    3.677799] VFS: Mounted root (ext4 filesystem) readonly on device 8:4.
[    3.682320] devtmpfs: mounted
[    3.685772] Freeing unused kernel image (initmem) memory: 2804K
[    3.688983] Write protecting the kernel read-only data: 28672k
[    3.693517] Freeing unused kernel image (text/rodata gap) memory: 1636K
[    3.697722] Freeing unused kernel image (rodata/data gap) memory: 1204K
[    3.759716] x86/mm: Checked W+X mappings: passed, no W+X pages found.
[    3.763010] Run /sbin/init as init process
[    3.765045]   with arguments:
[    3.766595]     /sbin/init
[    3.767933]     nokaslr
[    3.769284]   with environment:
[    3.770715]     HOME=/
[    3.771837]     TERM=dumb
[    3.827439] systemd[1]: RTC configured in localtime, applying delta of 420 minutes to system time.
[    3.848802] modprobe (169) used greatest stack depth: 13128 bytes left
[    3.855602] systemd[1]: systemd 240 running in system mode. (+PAM -AUDIT -SELINUX +IMA -APPARMOR +SMACK +SYSVINIT +UTMP -LIBCRYPTSETUP -GCRYPT -GNUTLS +ACL +XZ -LZ4 -SECCOMP +BLKID -ELFUTILS +KMOD -IDN2 -IDN -PCRE2 default-hierarchy=hybrid)
[    3.865567] systemd[1]: Detected virtualization kvm.
[    3.867893] systemd[1]: Detected architecture x86-64.

Welcome to Linux From Scratch 8.4-systemd!

[    3.892420] systemd[1]: Set hostname to <tjukmong>.
[    3.896527] systemd[1]: Failed to bump fs.file-max, ignoring: Invalid argument
[    3.936210] systemd-bless-b (171) used greatest stack depth: 12824 bytes left
[    3.938311] systemd-system-update-generator[179]: Offline system update overridden by kernel command line systemd.unit= setting
[    3.975004] systemd[1]: File /lib/systemd/system/systemd-journald.service:12 configures an IP firewall (IPAddressDeny=any), but the local system does not support BPF/cgroup based firewalling.
[    3.983309] systemd[1]: Proceeding WITHOUT firewalling in effect! (This warning is only shown for the first loaded unit using IP firewalling.)
[    4.073242] systemd[1]: Reached target Unmount All Filesystems.
[  OK  ] Reached target Unmount All Filesystems.
[    4.078910] systemd[1]: Reached target Shutdown.
[  OK  ] Reached target Shutdown.
[    4.083102] systemd[1]: Reached target Final Step.
[  OK  ] Reached target Final Step.
[  OK  ] Started Power-Off.
[  OK  ] Reached target Power-Off.
[    4.095212] printk: systemd-shutdow: 4 output lines suppressed due to ratelimiting
[    4.106684] systemd-shutdown[1]: Syncing filesystems and block devices.
[    4.109991] systemd-shutdown[1]: Sending SIGTERM to remaining processes...
[    4.116169] systemd-shutdown[1]: Sending SIGKILL to remaining processes...
[    4.123037] systemd-shutdown[1]: Unmounting file systems.
[    4.126716] systemd-shutdown[1]: All filesystems unmounted.
[    4.129683] systemd-shutdown[1]: Deactivating swaps.
[    4.132323] systemd-shutdown[1]: All swaps deactivated.
[    4.134971] systemd-shutdown[1]: Detaching loop devices.
[    4.138773] systemd-shutdown[1]: All loop devices detached.
[    4.141595] systemd-shutdown[1]: Detaching DM devices.
[    4.146668] sd 0:0:0:0: [sda] Synchronizing SCSI cache
[    4.151544] sd 0:0:0:0: [sda] Stopping disk
[    4.194569] ACPI: PM: Preparing to enter system sleep state S5
[    4.198056] reboot: Power down
