== ex04: module auto-loaded when a USB keyboard is plugged in ==
# uname -r
6.14.0-dirty
[exit 0]
# cp /mnt/qemu_share/ex04/10-keyboard.rules /etc/udev/rules.d/10-keyboard.rules
[exit 0]
# cp /mnt/qemu_share/ex04/keyboard_driver.sh /usr/local/bin/keyboard_driver.sh
[exit 0]
# chmod +x /usr/local/bin/keyboard_driver.sh
[exit 0]
# sed -i 's|$KMOD_DIR|/mnt/qemu_share/ex04|g; s|$KNAME|keyboard-driver|g' /usr/local/bin/keyboard_driver.sh
[exit 0]
# cat /etc/udev/rules.d/10-keyboard.rules /usr/local/bin/keyboard_driver.sh
SUBSYSTEM=="usb", ACTION=="add", ATTR{bInterfaceClass}=="03", ATTR{bInterfaceProtocol}=="01", ENV{DEVPATH}=="/devices/*", RUN+="/usr/local/bin/keyboard_driver.sh $env{DEVPATH}"
SUBSYSTEM=="usb", ACTION=="change", ENV{DRIVER_UNLOAD}=="1", RUN+="/sbin/rmmod keyboard_driver"
#!/usr/bin/env bash

DEVPATH="$1"
USB_SYSFS=/sys/bus/usb/drivers/usbhid/$(basename "/sys$DEVPATH" | cut -f1 -d":"):*

# Loop over all interfaces like 2-1:1.0, 2-1:1.1, etc.

for intf_path in $USB_SYSFS; do
    intf_name=$(basename "$intf_path")
    if [ -e "/sys/bus/usb/drivers/usbhid/$intf_name" ]; then
        old_driver=/sys/bus/usb/drivers/usbhid/$intf_name/driver
        # Unbinds current driver in use
        echo -n "$intf_name" > $old_driver/unbind
        # Rebinds driver to our custom driver
        echo -n "$intf_name" > /sys/bus/usb/drivers/keyboard_driver/bind
    fi
done

/sbin/insmod /mnt/qemu_share/ex04/keyboard-driver.ko
[exit 0]
# udevadm control --reload-rules
[exit 0]
# lsmod | grep keyboard_driver
[exit 1]
-- plugging in the USB keyboard (host passes the dongle through now)
# sleep 2
[exit 0]
# lsusb 2>/dev/null | grep -i 0c45:fefe || cat /sys/bus/usb/devices/*/product
Bridge75 2.4G
xHCI Host Controller
xHCI Host Controller
[exit 0]
# lsmod | grep keyboard_driver
keyboard_driver        12288  0
[exit 0]
# dmesg | grep -iE 'usb [0-9-]+: new|Bridge75|keyboard_driver|input:' | tail -n 12
[    4.933368] input: Bridge75 2.4G System Control as /devices/pci0000:00/0000:00:05.0/usb1/1-4/1-4:1.2/0003:0C45:FEFE.0003/input/input7
[    4.933700] input: Bridge75 2.4G Keyboard as /devices/pci0000:00/0000:00:05.0/usb1/1-4/1-4:1.2/0003:0C45:FEFE.0003/input/input8
[    4.934011] input: Bridge75 2.4G System Multi Axis as /devices/pci0000:00/0000:00:05.0/usb1/1-4/1-4:1.2/0003:0C45:FEFE.0003/input/input9
[    4.934218] input: Bridge75 2.4G as /devices/pci0000:00/0000:00:05.0/usb1/1-4/1-4:1.2/0003:0C45:FEFE.0003/input/input10
[    4.934648] hid-generic 0003:0C45:FEFE.0003: input,hiddev96,hidraw2: USB HID v1.00 Keyboard [Bridge75 2.4G] on usb-0000:00:05.0-4/input2
[    4.939491] hid-generic 0003:0C45:FEFE.0004: hiddev97,hidraw3: USB HID v1.00 Device [Bridge75 2.4G] on usb-0000:00:05.0-4/input3
[    4.944791] hid-generic 0003:0C45:FEFE.0005: hiddev98,hidraw4: USB HID v1.00 Device [Bridge75 2.4G] on usb-0000:00:05.0-4/input4
[    5.203424] keyboard_driver: loading out-of-tree module taints kernel.
[    5.204176] keyboard_driver: Loading USB keyboard driver...
[    5.206219] keyboard_driver: +Bridge75 2.4G [0c45:fefe] (1 connected).
[    5.206303] usbcore: registered new interface driver keyboard_driver
[    5.206307] keyboard_driver: Loading USB keyboard driver successfully!
[exit 0]
-- the keyboard interface is now taken over by keyboard_driver
# ls /sys/bus/usb/drivers/keyboard_driver/ | grep :
1-4:1.0
[exit 0]
# ls /sys/bus/usb/drivers/usbhid/ | grep :
[exit 1]
-- unplugging the USB keyboard (host stops the redirection now)
# sleep 2
[exit 0]
# lsmod | grep keyboard_driver
[exit 1]
# dmesg | grep -iE 'USB disconnect|keyboard_driver' | tail -n 8
[    5.206219] keyboard_driver: +Bridge75 2.4G [0c45:fefe] (1 connected).
[    5.206303] usbcore: registered new interface driver keyboard_driver
[    5.206307] keyboard_driver: Loading USB keyboard driver successfully!
[    8.795318] usb 1-4: USB disconnect, device number 2
[    8.795318] keyboard_driver: Bridge75 2.4G disconnected. 0 devices left
[    8.799523] keyboard_driver: Unloading USB keyboard module...
[    8.799528] usbcore: deregistering interface driver keyboard_driver
[    8.799567] keyboard_driver: Goodbye!
[exit 0]
